// Jest Snapshot v1, https://goo.gl/fbAQLP

exports[`<CardItem/> Component matches snapshot 1`] = `
<View
  style={
    Object {
      "backgroundColor": "#fff",
      "borderRadius": 20,
      "elevation": 5,
      "flexDirection": "row",
      "height": 120,
      "marginBottom": 20,
      "marginHorizontal": 16,
      "padding": 15,
      "shadowColor": "#000",
      "shadowOffset": Object {
        "height": 2,
        "width": 0,
      },
      "shadowOpacity": 0.25,
      "shadowRadius": 3.84,
    }
  }
>
  <View
    style={
      Object {
        "width": "65%",
      }
    }
  >
    <Text
      ellipsizeMode="tail"
      numberOfLines={2}
      style={
        Object {
          "color": "#152130",
          "fontSize": 16,
          "fontWeight": "600",
          "marginBottom": 4,
        }
      }
    >
      titleTest
    </Text>
    <Text
      style={
        Object {
          "color": "green",
          "fontSize": 18,
          "fontWeight": "600",
          "marginBottom": 4,
        }
      }
    >
      R$ 
      1
    </Text>
    <View
      style={
        Object {
          "alignItems": "center",
          "flexDirection": "row",
        }
      }
    >
      <View
        accessible={true}
        focusable={true}
        onBlur={[Function]}
        onClick={[Function]}
        onFocus={[Function]}
        onResponderGrant={[Function]}
        onResponderMove={[Function]}
        onResponderRelease={[Function]}
        onResponderTerminate={[Function]}
        onResponderTerminationRequest={[Function]}
        onStartShouldSetResponder={[Function]}
        style={
          Array [
            Object {
              "opacity": 1,
            },
          ]
        }
        testID="increase"
      >
        <View
          style={
            Object {
              "alignItems": "center",
              "flexDirection": "row",
              "justifyContent": "space-between",
              "paddingHorizontal": 0,
            }
          }
        >
          <Text />
        </View>
      </View>
    </View>
  </View>
  <View
    style={
      Object {
        "alignItems": "flex-end",
        "flex": 1,
        "justifyContent": "center",
      }
    }
  >
    <Image
      resizeMode="contain"
      source={
        Object {
          "uri": "imageurl",
        }
      }
      style={
        Object {
          "height": 100,
          "width": 100,
        }
      }
    />
  </View>
</View>
`;
